
> cognaxis@0.1.0 start
> node dist-server/server/index.js

`server.hmr.protocol/host/port/path/clientPort/timeout/server` is deprecated. Use `server.ws.*` instead. Note that this option may be set by a plugin. Set VITE_DEPRECATION_TRACE=1 to see where it is called.
WebSocket server error: Port 24678 is already in use
{"severity":"INFO","event":"server_started","port":3000}
*   Trying 127.0.0.1:3000...
* Connected to localhost (127.0.0.1) port 3000 (#0)
> GET /api/v1 HTTP/1.1
> Host: localhost:3000
> User-Agent: curl/7.88.1
> Accept: */*
> 
< HTTP/1.1 401 Unauthorized
< x-request-id: 7efb8252-588f-4585-b16d-f20fe7568e23
< Content-Security-Policy: default-src 'self';base-uri 'self';font-src 'self' https://fonts.gstatic.com data:;form-action 'self';frame-ancestors *;img-src 'self' data: blob: https://*.googleusercontent.com https://*.googleapis.com https://*.gstatic.com *.google.com;object-src 'none';script-src 'self' 'unsafe-inline' 'unsafe-inline' 'unsafe-eval' https://*.googleapis.com https://*.gstatic.com *.google.com https://*.ggpht.com *.googleusercontent.com blob:;script-src-attr 'none';style-src 'self' 'unsafe-inline' https://fonts.googleapis.com;upgrade-insecure-requests;connect-src 'self' https://identitytoolkit.googleapis.com https://securetoken.googleapis.com ws: https://*.googleapis.com *.google.com https://*.gstatic.com data: blob:;frame-src https://accounts.google.com https://ideathon-journal.firebaseapp.com *.google.com;worker-src 'self' blob:
< Cross-Origin-Opener-Policy: same-origin-allow-popups
< Cross-Origin-Resource-Policy: same-origin
< Origin-Agent-Cluster: ?1
< Referrer-Policy: no-referrer
< Strict-Transport-Security: max-age=31536000; includeSubDomains
< X-Content-Type-Options: nosniff
< X-DNS-Prefetch-Control: off
< X-Download-Options: noopen
< X-Permitted-Cross-Domain-Policies: none
< X-XSS-Protection: 0
< Vary: Origin
< Access-Control-Expose-Headers: x-request-id,ratelimit,ratelimit-policy
< RateLimit: "180-in-15min"; r=178; t=588
< RateLimit-Policy: "180-in-15min"; q=180; w=900; pk=:MTJjYTE3YjQ5YWYy:
< Content-Type: application/json; charset=utf-8
< Content-Length: 127
< ETag: W/"7f-wzxZCf7ZIbiSyFmfADpRpqJMohU"
< Date: Fri, 04 Sep 2026 10:09:35 GMT
< Connection: keep-alive
< Keep-Alive: timeout=5
< 
{ [127 bytes data]
* Connection #0 to host localhost left intact
{"error":{"code":"UNAUTHENTICATED","message":"Authentication is required.","requestId":"7efb8252-588f-4585-b16d-f20fe7568e23"}}sh: 1: kill: No such process

{"severity":"INFO","event":"server_stopping","signal":"SIGTERM"}
